surve@Shraddha MINGW64 /c/shraddha/Angular/Git_Use_DemoProject (main)
$ git commit -m "push project"
On branch main
Untracked files:
  (use "git add <file>..." to include in what will be committed)
        mintty.2023-10-09_19-43-43.png

nothing added to commit but untracked files present (use "git add" to track)

surve@Shraddha MINGW64 /c/shraddha/Angular/Git_Use_DemoProject (main)
$ git add -A

surve@Shraddha MINGW64 /c/shraddha/Angular/Git_Use_DemoProject (main)
$ git commit -m "Push Project"
[main f826cd7] Push Project
 1 file changed, 0 insertions(+), 0 deletions(-)
 create mode 100644 mintty.2023-10-09_19-43-43.png

surve@Shraddha MINGW64 /c/shraddha/Angular/Git_Use_DemoProject (main)
$ git push origin main
To https://github.com/Surve2412Shraddha/Projects
 ! [rejected]        main -> main (non-fast-forward)
error: failed to push some refs to 'https://github.com/Surve2412Shraddha/Projects'
hint: Updates were rejected because the tip of your current branch is behind
hint: its remote counterpart. Integrate the remote changes (e.g.
hint: 'git pull ...') before pushing again.
hint: See the 'Note about fast-forwards' in 'git push --help' for details.

surve@Shraddha MINGW64 /c/shraddha/Angular/Git_Use_DemoProject (main)
$ git pull origin main
From https://github.com/Surve2412Shraddha/Projects
 * branch            main       -> FETCH_HEAD
fatal: refusing to merge unrelated histories

surve@Shraddha MINGW64 /c/shraddha/Angular/Git_Use_DemoProject (main)
$ git push origin main
To https://github.com/Surve2412Shraddha/Projects
 ! [rejected]        main -> main (non-fast-forward)
error: failed to push some refs to 'https://github.com/Surve2412Shraddha/Projects'
hint: Updates were rejected because the tip of your current branch is behind
hint: its remote counterpart. Integrate the remote changes (e.g.
hint: 'git pull ...') before pushing again.
hint: See the 'Note about fast-forwards' in 'git push --help' for details.

surve@Shraddha MINGW64 /c/shraddha/Angular/Git_Use_DemoProject (main)
$ git push -f origin main
Enumerating objects: 55, done.
Counting objects: 100% (55/55), done.
Delta compression using up to 4 threads
Compressing objects: 100% (49/49), done.
Writing objects: 100% (55/55), 213.31 KiB | 7.90 MiB/s, done.
Total 55 (delta 14), reused 0 (delta 0), pack-reused 0
remote: Resolving deltas: 100% (14/14), done.
To https://github.com/Surve2412Shraddha/Projects
 + 0d37619...f826cd7 main -> main (forced update)

surve@Shraddha MINGW64 /c/shraddha/Angular/Git_Use_DemoProject (main)
$ ^C

surve@Shraddha MINGW64 /c/shraddha/Angular/Git_Use_DemoProject (main)
$
